Run CI (33505394227) has already completed with 'success'
